../Core/Src/adc_ads130b04.c:252:19:ADC_Init	24	static
../Core/Src/adc_ads130b04.c:352:19:ADC_Start	16	static
../Core/Src/adc_ads130b04.c:362:6:ADC_CFG_Change	24	static
../Core/Src/adc_ads130b04.c:381:19:ADC_Stop	16	static
../Core/Src/adc_ads130b04.c:394:6:ADC_MeasStop	16	static
../Core/Src/adc_ads130b04.c:415:6:ADC_GetSetting	24	static
../Core/Src/adc_ads130b04.c:423:19:ADC_ReqAvr	32	static
../Core/Src/adc_ads130b04.c:481:6:_adcDataReset	4	static
../Core/Src/adc_ads130b04.c:488:19:_adcSendCmd	48	static
../Core/Src/adc_ads130b04.c:580:19:_adcGetData	88	static
../Core/Src/adc_ads130b04.c:720:19:_adcSetClockCfg	16	static
../Core/Src/adc_ads130b04.c:755:19:_adcSetGainCfg	16	static
../Core/Src/adc_ads130b04.c:781:19:_adcSetChMuxCfg	24	static
../Core/Src/adc_ads130b04.c:813:19:_adcWriteRegister	40	static
../Core/Src/adc_ads130b04.c:866:19:_adcReadRegister	320	static
../Core/Src/adc_ads130b04.c:916:19:_adcTransmitReceive	176	static
../Core/Src/adc_ads130b04.c:962:19:_adcTransmit	48	static
../Core/Src/adc_ads130b04.c:987:19:_adcReceive	144	static
../Core/Src/adc_ads130b04.c:1012:6:_makeWordPacket	32	static
../Core/Src/adc_ads130b04.c:1025:6:_parseWordPacket	32	static
../Core/Src/adc_ads130b04.c:1035:6:HAL_GPIO_EXTI_Callback	16	static
