../Core/Src/led_task.c:130:6:LED_TASK_Init	8	static
../Core/Src/led_task.c:136:19:LED_TASK_CFG_Change	24	static
../Core/Src/led_task.c:157:19:LED_TASK_SetSchedule	24	static
../Core/Src/led_task.c:174:19:LED_TASK_SetAdc	24	static
../Core/Src/led_task.c:191:6:LED_TASK_Start	16	static
../Core/Src/led_task.c:214:6:LED_TASK_Stop	16	static
../Core/Src/led_task.c:242:6:LED_TASK_MEAS_M1_Start	8	static
../Core/Src/led_task.c:267:6:LED_TASK_MEAS_M3_Start	8	static
../Core/Src/led_task.c:292:6:LED_TASK	8	static
../Core/Src/led_task.c:316:6:LED_TASK_AdcCollectDone	8	static
../Core/Src/led_task.c:322:19:_ledMeasOperation	24	static
../Core/Src/led_task.c:460:6:_taskStateChanger	24	static
../Core/Src/led_task.c:471:6:_measStateChanger	24	static
../Core/Src/led_task.c:481:19:_ledScheduleSet	32	static
../Core/Src/led_task.c:513:6:_ledOnOff	32	static
../Core/Src/led_task.c:593:6:_ledTaskInit	8	static
../Core/Src/led_task.c:611:6:_ledTaskMeasCfgInit	8	static
../Core/Src/led_task.c:621:6:_ledTaskAvrReqCallback	16	static
