../Core/Src/led_task.c:110:6:LED_TASK_Init	8	static
../Core/Src/led_task.c:115:19:LED_TASK_CFG_Change	24	static
../Core/Src/led_task.c:132:19:LED_TASK_SetSchedule	24	static
../Core/Src/led_task.c:146:19:LED_TASK_SetAdc	24	static
../Core/Src/led_task.c:159:6:LED_TASK_Start	16	static
../Core/Src/led_task.c:177:6:LED_TASK_Stop	16	static
../Core/Src/led_task.c:200:6:LED_TASK_MEAS_M1_Start	8	static
../Core/Src/led_task.c:222:6:LED_TASK_MEAS_M3_Start	8	static
../Core/Src/led_task.c:244:6:LED_TASK	8	static
../Core/Src/led_task.c:265:6:LED_TASK_AdcCollectDone	8	static
../Core/Src/led_task.c:270:19:_ledMeasOperation	24	static
../Core/Src/led_task.c:395:6:_taskStateChanger	24	static
../Core/Src/led_task.c:406:6:_measStateChanger	24	static
../Core/Src/led_task.c:416:19:_ledScheduleSet	32	static
../Core/Src/led_task.c:447:6:_ledOnOff	32	static
../Core/Src/led_task.c:512:6:_ledTaskInit	8	static
../Core/Src/led_task.c:529:6:_ledTaskMeasCfgInit	8	static
../Core/Src/led_task.c:538:6:_ledTaskAvrReqCallback	16	static
